// Jest Snapshot v1, https://goo.gl/fbAQLP

exports[`ExchangeRateItem Component matches the snapshot 1`] = `
<div>
  <li
    class="flex justify-between items-center px-6 sm:px-4"
  >
    <span
      class="text-gray-900 font-semibold text-2xl leading-7 tracking-tight min-w-[7rem] sm:min-w-[6rem] text-left"
    >
      125.0000
    </span>
    <div
      class="flex items-center gap-2 px-2 py-2 min-w-[7.5rem] sm:min-w-[6.5rem] justify-center"
    >
      <img
        alt="USD"
        class="w-6 h-6 sm:w-5 sm:h-5 rounded-full"
        src="icon-USD.png"
      />
      <span
        class="text-gray-700 font-semibold text-lg sm:text-sm leading-6"
      >
        USD
      </span>
    </div>
  </li>
</div>
`;
